------------------------------------------------------------
Timing Analyzer Summary
------------------------------------------------------------

Type  : Slow 1200mV 85C Model Setup 'clk50M'
Slack : -1.845
TNS   : -20.193

Type  : Slow 1200mV 85C Model Setup 'load'
Slack : -0.940
TNS   : -12.151

Type  : Slow 1200mV 85C Model Setup 'hex2sevenMX:h2sMX|clockLadder:clock_Ladder|ladder[17]'
Slack : 0.135
TNS   : 0.000

Type  : Slow 1200mV 85C Model Hold 'hex2sevenMX:h2sMX|clockLadder:clock_Ladder|ladder[17]'
Slack : 0.348
TNS   : 0.000

Type  : Slow 1200mV 85C Model Hold 'clk50M'
Slack : 0.362
TNS   : 0.000

Type  : Slow 1200mV 85C Model Hold 'load'
Slack : 0.472
TNS   : 0.000

Type  : Slow 1200mV 85C Model Minimum Pulse Width 'load'
Slack : -3.000
TNS   : -47.896

Type  : Slow 1200mV 85C Model Minimum Pulse Width 'clk50M'
Slack : -3.000
TNS   : -28.254

Type  : Slow 1200mV 85C Model Minimum Pulse Width 'hex2sevenMX:h2sMX|clockLadder:clock_Ladder|ladder[17]'
Slack : -1.403
TNS   : -2.806

Type  : Slow 1200mV 0C Model Setup 'clk50M'
Slack : -1.531
TNS   : -16.566

Type  : Slow 1200mV 0C Model Setup 'load'
Slack : -0.961
TNS   : -12.316

Type  : Slow 1200mV 0C Model Setup 'hex2sevenMX:h2sMX|clockLadder:clock_Ladder|ladder[17]'
Slack : 0.206
TNS   : 0.000

Type  : Slow 1200mV 0C Model Hold 'hex2sevenMX:h2sMX|clockLadder:clock_Ladder|ladder[17]'
Slack : 0.311
TNS   : 0.000

Type  : Slow 1200mV 0C Model Hold 'clk50M'
Slack : 0.327
TNS   : 0.000

Type  : Slow 1200mV 0C Model Hold 'load'
Slack : 0.435
TNS   : 0.000

Type  : Slow 1200mV 0C Model Minimum Pulse Width 'load'
Slack : -3.000
TNS   : -47.896

Type  : Slow 1200mV 0C Model Minimum Pulse Width 'clk50M'
Slack : -3.000
TNS   : -28.254

Type  : Slow 1200mV 0C Model Minimum Pulse Width 'hex2sevenMX:h2sMX|clockLadder:clock_Ladder|ladder[17]'
Slack : -1.403
TNS   : -2.806

Type  : Fast 1200mV 0C Model Setup 'clk50M'
Slack : -0.696
TNS   : -0.760

Type  : Fast 1200mV 0C Model Setup 'load'
Slack : 0.177
TNS   : 0.000

Type  : Fast 1200mV 0C Model Setup 'hex2sevenMX:h2sMX|clockLadder:clock_Ladder|ladder[17]'
Slack : 0.630
TNS   : 0.000

Type  : Fast 1200mV 0C Model Hold 'hex2sevenMX:h2sMX|clockLadder:clock_Ladder|ladder[17]'
Slack : 0.151
TNS   : 0.000

Type  : Fast 1200mV 0C Model Hold 'clk50M'
Slack : 0.156
TNS   : 0.000

Type  : Fast 1200mV 0C Model Hold 'load'
Slack : 0.182
TNS   : 0.000

Type  : Fast 1200mV 0C Model Minimum Pulse Width 'load'
Slack : -3.000
TNS   : -36.950

Type  : Fast 1200mV 0C Model Minimum Pulse Width 'clk50M'
Slack : -3.000
TNS   : -21.612

Type  : Fast 1200mV 0C Model Minimum Pulse Width 'hex2sevenMX:h2sMX|clockLadder:clock_Ladder|ladder[17]'
Slack : -1.000
TNS   : -2.000

------------------------------------------------------------
